C:\Users\santh\Music\flet-mobile-app\main.py:281: DeprecationWarning: app() is deprecated since version 0.80.0. Use run() instead.
  ft.app(target=main, view=ft.AppView.WEB_BROWSER)
2026-07-24 12:21:57,604 - flet - INFO - Assets path configured: C:\Users\santh\Music\flet-mobile-app\assets
2026-07-24 12:21:58,779 - flet - INFO - Starting Flet web server on port 53104...
2026-07-24 12:21:58,781 - flet_web.fastapi - INFO - Web renderer configured: WebRenderer.AUTO
2026-07-24 12:21:58,781 - flet_web.fastapi - INFO - Route URL strategy configured: RouteUrlStrategy.PATH
2026-07-24 12:21:58,781 - flet_web.fastapi - INFO - No CDN configured: False
2026-07-24 12:21:58,782 - flet - INFO - Flet app has started...
INFO:     Started server process [35788]
INFO:     Waiting for application startup.
2026-07-24 12:21:58,857 - flet_web.fastapi - INFO - Starting up Flet App Manager
2026-07-24 12:21:58,857 - flet - INFO - App URL: http://127.0.0.1:53104
INFO:     Application startup complete.
INFO:     Uvicorn running on http://0.0.0.0:53104 (Press CTRL+C to quit)
2026-07-24 12:21:59,164 - flet_web.fastapi - INFO - Temp dir created for patched index and manifest: C:\Users\santh\AppData\Local\Temp\tmp90jg1vf3
2026-07-24 12:21:59,164 - flet_web.fastapi - INFO - Web root: C:\Users\santh\Music\flet-mobile-app\flet_env\lib\site-packages\flet_web\web
2026-07-24 12:21:59,164 - flet_web.fastapi - INFO - Assets dir: C:\Users\santh\Music\flet-mobile-app\assets
2026-07-24 12:22:00,328 - flet_web.fastapi - INFO - New FletApp: lZHVZR08
INFO:     127.0.0.1:49744 - "WebSocket /ws" [accepted]
INFO:     connection open
2026-07-24 12:22:00,347 - flet_web.fastapi - INFO - New session created (1 total): _wvUdS3qXeaGvdARR_b6e637091cd9b52cce2ffdf4d56746ea45126955
2026-07-24 12:22:00,362 - flet_web.fastapi - INFO - Start session: wvUdS3qXeaGvdARR
2026-07-24 12:22:00,435 - __main__ - INFO - Page configured with dark theme
2026-07-24 12:22:00,436 - core.audio_manager - WARNING - ft.Audio not available in this Flet version - using stub mode
2026-07-24 12:22:00,436 - core.audio_manager - INFO - AudioManager initialized in stub mode (audio playback disabled)
2026-07-24 12:22:00,436 - __main__ - INFO - AudioManager initialized
2026-07-24 12:22:00,518 - flet_web.fastapi - ERROR - Unhandled error processing page session: wvUdS3qXeaGvdARR
Traceback (most recent call last):
  File "C:\Users\santh\Music\flet-mobile-app\flet_env\lib\site-packages\flet_web\fastapi\flet_app.py", line 172, in __on_session_created
    self.__main(self.__session.page)
  File "C:\Users\santh\Music\flet-mobile-app\main.py", line 84, in main
    player_bar = PlayerBar(
  File "C:\Users\santh\Music\flet-mobile-app\ui\player_bar.py", line 58, in __init__
    self.content = self._build_content()
  File "C:\Users\santh\Music\flet-mobile-app\ui\player_bar.py", line 70, in _build_content
    self._build_controls_row()
  File "C:\Users\santh\Music\flet-mobile-app\ui\player_bar.py", line 116, in _build_controls_row
    controls_row = ft.Row(
TypeError: Row.__init__() got an unexpected keyword argument 'padding'
